{
  "clicks": [
    {
      "key": "tile",
      "ms": 5.699999809265137,
      "exists": true
    },
    {
      "key": "settlement",
      "ms": 3.799999952316284,
      "exists": true
    },
    {
      "key": "test",
      "ms": 4.1000001430511475,
      "exists": true
    },
    {
      "key": "manage",
      "ms": 3.9000000953674316,
      "exists": true
    },
    {
      "key": "squad",
      "ms": 4.299999952316284,
      "exists": true
    },
    {
      "key": "tile",
      "ms": 3.0999999046325684,
      "exists": true
    },
    {
      "key": "squad",
      "ms": 4.1000001430511475,
      "exists": true
    }
  ],
  "metrics": {
    "listeners": [
      {
        "type": "click",
        "source": "    at initializeOperationUi (http://127.0.0.1:3022/src/v39/ui/v39-operation-ui.js:468:10)",
        "ms": 3.8999998569488525
      },
      {
        "type": "click",
        "source": "    at initializeOperationUi (http://127.0.0.1:3022/src/v39/ui/v39-operation-ui.js:468:10)",
        "ms": 3.8000001907348633
      },
      {
        "type": "click",
        "source": "    at initializeOperationUi (http://127.0.0.1:3022/src/v39/ui/v39-operation-ui.js:468:10)",
        "ms": 3.700000047683716
      },
      {
        "type": "click",
        "source": "    at initializeOperationUi (http://127.0.0.1:3022/src/v39/ui/v39-operation-ui.js:468:10)",
        "ms": 3.5999999046325684
      },
      {
        "type": "click",
        "source": "    at initializeOperationUi (http://127.0.0.1:3022/src/v39/ui/v39-operation-ui.js:468:10)",
        "ms": 3.5
      },
      {
        "type": "click",
        "source": "    at initializeOperationUi (http://127.0.0.1:3022/src/v39/ui/v39-operation-ui.js:468:10)",
        "ms": 3.3999998569488525
      },
      {
        "type": "click",
        "source": "    at initializeOperationUi (http://127.0.0.1:3022/src/v39/ui/v39-operation-ui.js:468:10)",
        "ms": 2.799999952316284
      },
      {
        "type": "click",
        "source": "    at initializeOperationUi (http://127.0.0.1:3022/src/v39/ui/v39-operation-ui.js:468:10)",
        "ms": 0.8000001907348633
      },
      {
        "type": "click",
        "source": "    at http://127.0.0.1:3022/src/v39/map/v39-camera-zoom-controller.js:157:10",
        "ms": 0.40000009536743164
      },
      {
        "type": "click",
        "source": "    at http://127.0.0.1:3022/src/v39/world/v39-land-expansion-ui.js:55:10",
        "ms": 0.40000009536743164
      },
      {
        "type": "click",
        "source": "    at installUi (http://127.0.0.1:3022/src/v39/core/v39-turn-system.js:223:12)",
        "ms": 0.2999999523162842
      },
      {
        "type": "click",
        "source": "    at installEvents (http://127.0.0.1:3022/src/v39/world/v39-research-ui.js:241:12)",
        "ms": 0.2999999523162842
      },
      {
        "type": "click",
        "source": "    at http://127.0.0.1:3022/src/v39/world/v39-economy-ui.js:430:10",
        "ms": 0.20000004768371582
      },
      {
        "type": "click",
        "source": "    at http://127.0.0.1:3022/src/v39/map/v39-camera-zoom-controller.js:157:10",
        "ms": 0.20000004768371582
      },
      {
        "type": "click",
        "source": "    at installEvents (http://127.0.0.1:3022/src/v39/world/v39-research-ui.js:241:12)",
        "ms": 0.19999980926513672
      },
      {
        "type": "click",
        "source": "    at install (http://127.0.0.1:3022/src/v39/unit/v39-unit-create-ui.js:99:12)",
        "ms": 0.10000014305114746
      },
      {
        "type": "click",
        "source": "    at installUi (http://127.0.0.1:3022/src/v39/core/v39-turn-system.js:223:12)",
        "ms": 0.10000014305114746
      },
      {
        "type": "click",
        "source": "    at install (http://127.0.0.1:3022/src/v39/unit/v39-character-modal.js:386:12)",
        "ms": 0.10000014305114746
      },
      {
        "type": "click",
        "source": "    at http://127.0.0.1:3022/src/v39/map/v39-camera-zoom-controller.js:157:10",
        "ms": 0.10000014305114746
      },
      {
        "type": "click",
        "source": "    at boot (http://127.0.0.1:3022/src/v39/core/v39-multiplayer-lobby.js:893:12)",
        "ms": 0.09999990463256836
      },
      {
        "type": "click",
        "source": "    at install (http://127.0.0.1:3022/src/v39/unit/v39-character-modal.js:386:12)",
        "ms": 0.09999990463256836
      },
      {
        "type": "click",
        "source": "    at boot (http://127.0.0.1:3022/src/v39/map/v39-field-settings-final.js:666:12)",
        "ms": 0.09999990463256836
      },
      {
        "type": "click",
        "source": "    at install (http://127.0.0.1:3022/src/v39/unit/v39-unit-create-ui.js:99:12)",
        "ms": 0.09999990463256836
      },
      {
        "type": "click",
        "source": "    at http://127.0.0.1:3022/src/v39/core/v39-activity-log.js:172:10",
        "ms": 0.09999990463256836
      },
      {
        "type": "click",
        "source": "    at boot (http://127.0.0.1:3022/src/v39/map/v39-field-settings-final.js:666:12)",
        "ms": 0
      }
    ],
    "frames": {
      "count": 306,
      "average": 16.88235294117647,
      "max": 66.70000000000437,
      "over50": 1
    },
    "scrollTop": 0
  },
  "top": [
    {
      "ms": 4619.922000000018,
      "functionName": "(idle)",
      "scriptId": "0",
      "url": "",
      "lineNumber": -1,
      "columnNumber": -1
    },
    {
      "ms": 1329.5550000000003,
      "functionName": "(program)",
      "scriptId": "0",
      "url": "",
      "lineNumber": -1,
      "columnNumber": -1
    },
    {
      "ms": 10.873,
      "functionName": "getBoundingClientRect",
      "scriptId": "0",
      "url": "",
      "lineNumber": -1,
      "columnNumber": -1
    },
    {
      "ms": 7.693,
      "functionName": "cloneUnit",
      "scriptId": "12",
      "url": "http://127.0.0.1:3022/src/v39/core/v39-game-state-bridge.js",
      "lineNumber": 231,
      "columnNumber": 18
    },
    {
      "ms": 7.670999999999999,
      "functionName": "ContainerWebGLRenderer",
      "scriptId": "53",
      "url": "http://127.0.0.1:3022/@fs/C:/Users/skkt3/%E3%83%89%E3%82%AD%E3%83%A5%E3%83%A1%E3%83%B3%E3%83%88/Github/fantasy_Strategy/node_modules/.vite/deps/phaser.js?v=d448a207",
      "lineNumber": 27718,
      "columnNumber": 53
    },
    {
      "ms": 6.2509999999999994,
      "functionName": "query",
      "scriptId": "667",
      "url": "",
      "lineNumber": 5446,
      "columnNumber": 20
    },
    {
      "ms": 4.723000000000001,
      "functionName": "structuredClone",
      "scriptId": "0",
      "url": "",
      "lineNumber": -1,
      "columnNumber": -1
    },
    {
      "ms": 4.689,
      "functionName": "applyITRS",
      "scriptId": "53",
      "url": "http://127.0.0.1:3022/@fs/C:/Users/skkt3/%E3%83%89%E3%82%AD%E3%83%A5%E3%83%A1%E3%83%B3%E3%83%88/Github/fantasy_Strategy/node_modules/.vite/deps/phaser.js?v=d448a207",
      "lineNumber": 26263,
      "columnNumber": 37
    },
    {
      "ms": 4.609,
      "functionName": "batchLine",
      "scriptId": "53",
      "url": "http://127.0.0.1:3022/@fs/C:/Users/skkt3/%E3%83%89%E3%82%AD%E3%83%A5%E3%83%A1%E3%83%B3%E3%83%88/Github/fantasy_Strategy/node_modules/.vite/deps/phaser.js?v=d448a207",
      "lineNumber": 104705,
      "columnNumber": 37
    },
    {
      "ms": 4.579,
      "functionName": "pushBatch",
      "scriptId": "53",
      "url": "http://127.0.0.1:3022/@fs/C:/Users/skkt3/%E3%83%89%E3%82%AD%E3%83%A5%E3%83%A1%E3%83%B3%E3%83%88/Github/fantasy_Strategy/node_modules/.vite/deps/phaser.js?v=d448a207",
      "lineNumber": 98608,
      "columnNumber": 37
    },
    {
      "ms": 4.5729999999999995,
      "functionName": "render",
      "scriptId": "53",
      "url": "http://127.0.0.1:3022/@fs/C:/Users/skkt3/%E3%83%89%E3%82%AD%E3%83%A5%E3%83%A1%E3%83%B3%E3%83%88/Github/fantasy_Strategy/node_modules/.vite/deps/phaser.js?v=d448a207",
      "lineNumber": 101776,
      "columnNumber": 34
    },
    {
      "ms": 3.2439999999999998,
      "functionName": "get",
      "scriptId": "53",
      "url": "http://127.0.0.1:3022/@fs/C:/Users/skkt3/%E3%83%89%E3%82%AD%E3%83%A5%E3%83%A1%E3%83%B3%E3%83%88/Github/fantasy_Strategy/node_modules/.vite/deps/phaser.js?v=d448a207",
      "lineNumber": 25716,
      "columnNumber": 33
    }
  ],
  "errors": []
}
